  <T>
    <k>
      #done ( 0 ) ~> .
    </k>
  </T>
#And
  {
    true
  #Equals
    I >Int 0
  }
