/* Spc */
\rewrites{SortGeneratedTopCell{}}(
    /* Spc */
    \and{SortGeneratedTopCell{}}(
        /* Sfc */
        \equals{SortBool{}, SortGeneratedTopCell{}}(
            /* Fl Fn D Sfc */
            Lbl'Unds'in'Unds'keys'LParUndsRParUnds'MAP'Unds'Bool'Unds'KItem'Unds'Map{}(
                /* Fl Fn D Sfc */
                /* Inj: */ inj{SortId{}, SortKItem{}}(
                    /* Fl Fn D Sfa */ VarX:SortId{}
                ),
                /* Fl Fn D Sfa */ Var'Unds'DotVar3:SortMap{}
            ),
            /* Fl Fn D Sfa Cl */ /* builtin: */ \dv{SortBool{}}("false")
        ),
        /* Fn D Sfc */
        Lbl'-LT-'generatedTop'-GT-'{}(
            /* Fn D Sfc */
            Lbl'-LT-'T'-GT-'{}(
                /* Fl Fn D Sfc */
                Lbl'-LT-'k'-GT-'{}(
                    /* Fl Fn D Sfc */
                    kseq{}(
                        /* Fl Fn D Sfc */
                        /* Inj: */ inj{SortId{}, SortKItem{}}(
                            /* Fl Fn D Sfa */ VarX:SortId{}
                        ),
                        /* Fl Fn D Sfa */ Var'Unds'DotVar2:SortK{}
                    )
                ),
                /* Fn D Sfc */
                Lbl'-LT-'state'-GT-'{}(
                    /* Fn D Sfc */
                    /* defined: */
                    /* Fn Sfc */
                    /* builtin: */
                    Lbl'Unds'Map'Unds'{}(
                        /* element: */ Lbl'UndsPipe'-'-GT-Unds'{}(
                            /* Fl Fn D Sfc */
                            /* Inj: */ inj{SortId{}, SortKItem{}}(
                                /* Fl Fn D Sfa */ VarX:SortId{}
                            ),
                            /* Fl Fn D Sfa */ VarI:SortKItem{}
                        ),
                        /* opaque child: */ /* Fl Fn D Sfa */
                        Var'Unds'DotVar3:SortMap{}
                    )
                )
            ),
            /* Fl Fn D Sfa */ Var'Unds'DotVar0:SortGeneratedCounterCell{}
        )
    ),
    /* Fn D Spc */
    Lbl'-LT-'generatedTop'-GT-'{}(
        /* Fn D Spc */
        Lbl'-LT-'T'-GT-'{}(
            /* Fl Fn D Spa */
            Lbl'-LT-'k'-GT-'{}(
                /* Fl Fn D Spa */
                kseq{}(
                    /* Fl Fn D Sfa */ VarI:SortKItem{},
                    /* Fl Fn D Sfa */ Var'Unds'DotVar2:SortK{}
                )
            ),
            /* Fn D Sfc */
            Lbl'-LT-'state'-GT-'{}(
                /* Fn D Sfc */
                /* defined: */
                /* Fn Sfc */
                /* builtin: */
                Lbl'Unds'Map'Unds'{}(
                    /* element: */ Lbl'UndsPipe'-'-GT-Unds'{}(
                        /* Fl Fn D Sfc */
                        /* Inj: */ inj{SortId{}, SortKItem{}}(
                            /* Fl Fn D Sfa */ VarX:SortId{}
                        ),
                        /* Fl Fn D Sfa */ VarI:SortKItem{}
                    ),
                    /* opaque child: */ /* Fl Fn D Sfa */
                    Var'Unds'DotVar3:SortMap{}
                )
            )
        ),
        /* Fl Fn D Sfa */ Var'Unds'DotVar0:SortGeneratedCounterCell{}
    )
)