  <generatedTop>
    <k>
      odd ~> .
    </k>
    <exitcode>
      0
    </exitcode>
  </generatedTop>
#And
  {
    1
  #Equals
    'QuesUnds'0 %Int 2
  }
