  <k>
    1 ~> .
  </k>
#And
  {
    true
  #Equals
    ?X >=Int 1
  }
